// Jest Snapshot v1, https://goo.gl/fbAQLP

exports[`renders welcome message 1`] = `
<span
  class="step-button button-active"
>
  open
</span>
`;
